------------------------------------------------------------
Timing Analyzer Summary
------------------------------------------------------------

Type  : Slow 1200mV 85C Model Setup 'GPIO_20_SCLK_IN'
Slack : -1.853
TNS   : -49.887

Type  : Slow 1200mV 85C Model Setup 'CLOCK_50'
Slack : -0.200
TNS   : -0.584

Type  : Slow 1200mV 85C Model Hold 'CLOCK_50'
Slack : 0.340
TNS   : 0.000

Type  : Slow 1200mV 85C Model Hold 'GPIO_20_SCLK_IN'
Slack : 0.393
TNS   : 0.000

Type  : Slow 1200mV 85C Model Minimum Pulse Width 'GPIO_20_SCLK_IN'
Slack : -3.000
TNS   : -60.523

Type  : Slow 1200mV 85C Model Minimum Pulse Width 'CLOCK_50'
Slack : -3.000
TNS   : -8.612

Type  : Slow 1200mV 0C Model Setup 'GPIO_20_SCLK_IN'
Slack : -1.746
TNS   : -46.135

Type  : Slow 1200mV 0C Model Setup 'CLOCK_50'
Slack : -0.098
TNS   : -0.274

Type  : Slow 1200mV 0C Model Hold 'CLOCK_50'
Slack : 0.305
TNS   : 0.000

Type  : Slow 1200mV 0C Model Hold 'GPIO_20_SCLK_IN'
Slack : 0.355
TNS   : 0.000

Type  : Slow 1200mV 0C Model Minimum Pulse Width 'GPIO_20_SCLK_IN'
Slack : -3.000
TNS   : -60.523

Type  : Slow 1200mV 0C Model Minimum Pulse Width 'CLOCK_50'
Slack : -3.000
TNS   : -8.612

Type  : Fast 1200mV 0C Model Setup 'GPIO_20_SCLK_IN'
Slack : -0.022
TNS   : -0.132

Type  : Fast 1200mV 0C Model Setup 'CLOCK_50'
Slack : 0.487
TNS   : 0.000

Type  : Fast 1200mV 0C Model Hold 'CLOCK_50'
Slack : 0.147
TNS   : 0.000

Type  : Fast 1200mV 0C Model Hold 'GPIO_20_SCLK_IN'
Slack : 0.170
TNS   : 0.000

Type  : Fast 1200mV 0C Model Minimum Pulse Width 'GPIO_20_SCLK_IN'
Slack : -3.000
TNS   : -54.763

Type  : Fast 1200mV 0C Model Minimum Pulse Width 'CLOCK_50'
Slack : -3.000
TNS   : -7.668

------------------------------------------------------------
